[2025-06-16 14:09:27,010] 160 numexpr.utils - INFO - NumExpr defaulting to 8 threads.
[2025-06-16 14:09:27,634] 97 werkzeug - WARNING -  * Debugger is active!
[2025-06-16 14:09:27,641] 97 werkzeug - INFO -  * Debugger PIN: 963-022-397
[2025-06-16 14:09:27,660] 69 root - INFO - Entered initiate_data_ingestion method of DataIngestion class
[2025-06-16 14:09:27,660] 43 root - INFO - exporting data from mongodb
[2025-06-16 14:09:30,001] 56 root - INFO - saving data into feature store file path :artifacts
[2025-06-16 14:09:30,026] 73 root - INFO - got the data from mongo db
[2025-06-16 14:09:30,026] 75 root - INFO - exited initiate_data_ingestion method from dataingestion class
[2025-06-16 14:09:30,026] 57 root - INFO - entered initiate data transformation method in data transformation class
[2025-06-16 14:09:30,061] 54 root - INFO - Entered the save_object method of MainUtils class
[2025-06-16 14:09:30,062] 62 root - INFO - Exited the save_object method of MainUtils class
[2025-06-16 14:09:30,062] 165 root - INFO - Splitting training and testing input and target feature
[2025-06-16 14:09:30,062] 176 root - INFO - Extracting model config file path
[2025-06-16 14:09:32,000] 97 werkzeug - INFO - 127.0.0.1 - - [16/Jun/2025 14:09:32] "GET / HTTP/1.1" 200 -
[2025-06-16 14:09:35,274] 69 root - INFO - Entered initiate_data_ingestion method of DataIngestion class
[2025-06-16 14:09:35,275] 43 root - INFO - exporting data from mongodb
[2025-06-16 14:09:36,326] 56 root - INFO - saving data into feature store file path :artifacts
[2025-06-16 14:09:36,378] 73 root - INFO - got the data from mongo db
[2025-06-16 14:09:36,378] 75 root - INFO - exited initiate_data_ingestion method from dataingestion class
[2025-06-16 14:09:36,379] 57 root - INFO - entered initiate data transformation method in data transformation class
[2025-06-16 14:09:36,454] 54 root - INFO - Entered the save_object method of MainUtils class
[2025-06-16 14:09:36,455] 62 root - INFO - Exited the save_object method of MainUtils class
[2025-06-16 14:09:36,456] 165 root - INFO - Splitting training and testing input and target feature
[2025-06-16 14:09:36,456] 176 root - INFO - Extracting model config file path
[2025-06-16 14:09:49,052] 223 root - INFO - Best found model on both training and testing dataset
[2025-06-16 14:09:49,053] 225 root - INFO - Saving model at path: artifacts/model.pkl
[2025-06-16 14:09:49,053] 54 root - INFO - Entered the save_object method of MainUtils class
[2025-06-16 14:09:49,054] 62 root - INFO - Exited the save_object method of MainUtils class
[2025-06-16 14:09:49,056] 97 werkzeug - INFO - 127.0.0.1 - - [16/Jun/2025 14:09:49] "GET /train HTTP/1.1" 200 -
[2025-06-16 14:09:49,297] 223 root - INFO - Best found model on both training and testing dataset
[2025-06-16 14:09:49,297] 225 root - INFO - Saving model at path: artifacts/model.pkl
[2025-06-16 14:09:49,297] 54 root - INFO - Entered the save_object method of MainUtils class
[2025-06-16 14:09:49,298] 62 root - INFO - Exited the save_object method of MainUtils class
[2025-06-16 14:09:49,298] 97 werkzeug - INFO - 127.0.0.1 - - [16/Jun/2025 14:09:49] "GET /train HTTP/1.1" 200 -
